[    0.000000] Linux version 4.15.0-212-generic (buildd@lcy02-amd64-083) (gcc version 7.5.0 (Ubuntu 7.5.0-3ubuntu1~18.04)) #223-Ubuntu SMP Tue May 23 13:09:22 UTC 2023 (Ubuntu 4.15.0-212.223-generic 4.15.18)
[    0.000000] Command line: BOOT_IMAGE=/boot/vmlinuz-4.15.0-212-generic root=LABEL=cloudimg-rootfs ro console=tty1 console=ttyS0
[    0.000000] KERNEL supported cpus:
[    0.000000]   Intel GenuineIntel
[    0.000000]   AMD AuthenticAMD
[    0.000000]   Centaur CentaurHauls
[    0.000000] x86/fpu: Supporting XSAVE feature 0x001: 'x87 floating point registers'
[    0.000000] x86/fpu: Supporting XSAVE feature 0x002: 'SSE registers'
[    0.000000] x86/fpu: Supporting XSAVE feature 0x004: 'AVX registers'
[    0.000000] x86/fpu: xstate_offset[2]:  576, xstate_sizes[2]:  256
[    0.000000] x86/fpu: Enabled xstate features 0x7, context size is 832 bytes, using 'standard' format.
[    0.000000] e820: BIOS-provided physical RAM map:
[    0.000000] BIOS-e820: [mem 0x0000000000000000-0x000000000009fbff] usable
[    0.000000] BIOS-e820: [mem 0x000000000009fc00-0x000000000009ffff] reserved
[    0.000000] BIOS-e820: [mem 0x00000000000f0000-0x00000000000fffff] reserved
[    0.000000] BIOS-e820: [mem 0x0000000000100000-0x000000003ffeffff] usable
[    0.000000] BIOS-e820: [mem 0x000000003fff0000-0x000000003fffffff] ACPI data
[    0.000000] BIOS-e820: [mem 0x00000000fec00000-0x00000000fec00fff] reserved
[    0.000000] BIOS-e820: [mem 0x00000000fee00000-0x00000000fee00fff] reserved
[    0.000000] BIOS-e820: [mem 0x00000000fffc0000-0x00000000ffffffff] reserved
[    0.000000] NX (Execute Disable) protection: active
[    0.000000] SMBIOS 2.5 present.
[    0.000000] DMI: innotek GmbH VirtualBox/VirtualBox, BIOS VirtualBox 12/01/2006
[    0.000000] Hypervisor detected: KVM
[    0.000000] e820: last_pfn = 0x3fff0 max_arch_pfn = 0x400000000
[    0.000000] MTRR: Disabled
[    0.000000] x86/PAT: MTRRs disabled, skipping PAT initialization too.
[    0.000000] CPU MTRRs all blank - virtualized system.
[    0.000000] x86/PAT: Configuration [0-7]: WB  WT  UC- UC  WB  WT  UC- UC  
[    0.000000] found SMP MP-table at [mem 0x0009fff0-0x0009ffff]
[    0.000000] Scanning 1 areas for low memory corruption
[    0.000000] RAMDISK: [mem 0x359cb000-0x36cdcfff]
[    0.000000] ACPI: Early table checksum verification disabled
[    0.000000] ACPI: RSDP 0x00000000000E0000 000024 (v02 VBOX  )
[    0.000000] ACPI: XSDT 0x000000003FFF0030 00003C (v01 VBOX   VBOXXSDT 00000001 ASL  00000061)
[    0.000000] ACPI: FACP 0x000000003FFF00F0 0000F4 (v04 VBOX   VBOXFACP 00000001 ASL  00000061)
[    0.000000] ACPI: DSDT 0x000000003FFF0610 002353 (v02 VBOX   VBOXBIOS 00000002 INTL 20230628)
[    0.000000] ACPI: FACS 0x000000003FFF0200 000040
[    0.000000] ACPI: FACS 0x000000003FFF0200 000040
[    0.000000] ACPI: APIC 0x000000003FFF0240 00005C (v02 VBOX   VBOXAPIC 00000001 ASL  00000061)
[    0.000000] ACPI: SSDT 0x000000003FFF02A0 00036C (v01 VBOX   VBOXCPUT 00000002 INTL 20230628)
[    0.000000] ACPI: Reserving FACP table memory at [mem 0x3fff00f0-0x3fff01e3]
[    0.000000] ACPI: Reserving DSDT table memory at [mem 0x3fff0610-0x3fff2962]
[    0.000000] ACPI: Reserving FACS table memory at [mem 0x3fff0200-0x3fff023f]
[    0.000000] ACPI: Reserving FACS table memory at [mem 0x3fff0200-0x3fff023f]
[    0.000000] ACPI: Reserving APIC table memory at [mem 0x3fff0240-0x3fff029b]
[    0.000000] ACPI: Reserving SSDT table memory at [mem 0x3fff02a0-0x3fff060b]
[    0.000000] No NUMA configuration found
[    0.000000] Faking a node at [mem 0x0000000000000000-0x000000003ffeffff]
[    0.000000] NODE_DATA(0) allocated [mem 0x3ffc5000-0x3ffeffff]
[    0.000000] kvm-clock: cpu 0, msr 0:3ff44001, primary cpu clock
[    0.000000] kvm-clock: Using msrs 4b564d01 and 4b564d00
[    0.000000] kvm-clock: using sched offset of 9277245350 cycles
[    0.000000] clocksource: kvm-clock: mask: 0xffffffffffffffff max_cycles: 0x1cd42e4dffb, max_idle_ns: 881590591483 ns
[    0.000000] Zone ranges:
[    0.000000]   DMA      [mem 0x0000000000001000-0x0000000000ffffff]
[    0.000000]   DMA32    [mem 0x0000000001000000-0x000000003ffeffff]
[    0.000000]   Normal   empty
[    0.000000]   Device   empty
[    0.000000] Movable zone start for each node
[    0.000000] Early memory node ranges
[    0.000000]   node   0: [mem 0x0000000000001000-0x000000000009efff]
[    0.000000]   node   0: [mem 0x0000000000100000-0x000000003ffeffff]
[    0.000000] Reserved but unavailable: 104 pages
[    0.000000] Initmem setup node 0 [mem 0x0000000000001000-0x000000003ffeffff]
[    0.000000] ACPI: PM-Timer IO Port: 0x4008
[    0.000000] IOAPIC[0]: apic_id 2, version 32, address 0xfec00000, GSI 0-23
[    0.000000] ACPI: INT_SRC_OVR (bus 0 bus_irq 0 global_irq 2 dfl dfl)
[    0.000000] ACPI: INT_SRC_OVR (bus 0 bus_irq 9 global_irq 9 low level)
[    0.000000] Using ACPI (MADT) for SMP configuration information
[    0.000000] smpboot: Allowing 2 CPUs, 0 hotplug CPUs
[    0.000000] PM: Registered nosave memory: [mem 0x00000000-0x00000fff]
[    0.000000] PM: Registered nosave memory: [mem 0x0009f000-0x0009ffff]
[    0.000000] PM: Registered nosave memory: [mem 0x000a0000-0x000effff]
[    0.000000] PM: Registered nosave memory: [mem 0x000f0000-0x000fffff]
[    0.000000] e820: [mem 0x40000000-0xfebfffff] available for PCI devices
[    0.000000] Booting paravirtualized kernel on KVM
[    0.000000] clocksource: refined-jiffies: mask: 0xffffffff max_cycles: 0xffffffff, max_idle_ns: 7645519600211568 ns
[    0.000000] setup_percpu: NR_CPUS:8192 nr_cpumask_bits:2 nr_cpu_ids:2 nr_node_ids:1
[    0.000000] percpu: Embedded 50 pages/cpu s167936 r8192 d28672 u1048576
[    0.000000] PV qspinlock hash table entries: 256 (order: 0, 4096 bytes)
[    0.000000] Built 1 zonelists, mobility grouping on.  Total pages: 257913
[    0.000000] Policy zone: DMA32
[    0.000000] Kernel command line: BOOT_IMAGE=/boot/vmlinuz-4.15.0-212-generic root=LABEL=cloudimg-rootfs ro console=tty1 console=ttyS0
[    0.000000] Memory: 982644K/1048120K available (12300K kernel code, 2477K rwdata, 4324K rodata, 2480K init, 2720K bss, 65476K reserved, 0K cma-reserved)
[    0.000000] SLUB: HWalign=64, Order=0-3, MinObjects=0, CPUs=2, Nodes=1
[    0.000000] Kernel/User page tables isolation: enabled
[    0.000000] ftrace: allocating 39508 entries in 155 pages
[    0.004000] Hierarchical RCU implementation.
[    0.004000] 	RCU restricting CPUs from NR_CPUS=8192 to nr_cpu_ids=2.
[    0.004000] 	Tasks RCU enabled.
[    0.004000] RCU: Adjusting geometry for rcu_fanout_leaf=16, nr_cpu_ids=2
[    0.004000] NR_IRQS: 524544, nr_irqs: 440, preallocated irqs: 16
[    0.004000] random: crng init done
[    0.004000] Console: colour VGA+ 80x25
[    0.004000] console [tty1] enabled
[    0.004000] console [ttyS0] enabled
[    0.004000] ACPI: Core revision 20170831
[    0.004000] ACPI: 2 ACPI AML tables successfully acquired and loaded
[    0.004000] APIC: Switch to symmetric I/O mode setup
[    0.004000] x2apic enabled
[    0.004000] Switched APIC routing to physical x2apic.
[    0.004000] ..TIMER: vector=0x30 apic1=0 pin1=2 apic2=-1 pin2=-1
[    0.004000] tsc: Detected 2194.918 MHz processor
[    0.004009] Calibrating delay loop (skipped) preset value.. 4389.83 BogoMIPS (lpj=8779672)
[    0.008007] pid_max: default: 32768 minimum: 301
[    0.009102] Security Framework initialized
[    0.010116] Yama: becoming mindful.
[    0.012028] AppArmor: AppArmor initialized
[    0.020133] Dentry cache hash table entries: 131072 (order: 8, 1048576 bytes)
[    0.024096] Inode-cache hash table entries: 65536 (order: 7, 524288 bytes)
[    0.028020] Mount-cache hash table entries: 2048 (order: 2, 16384 bytes)
[    0.029509] Mountpoint-cache hash table entries: 2048 (order: 2, 16384 bytes)
[    0.031512] Last level iTLB entries: 4KB 64, 2MB 8, 4MB 8
[    0.032003] Last level dTLB entries: 4KB 64, 2MB 0, 4MB 0, 1GB 4
[    0.033421] Spectre V1 : Mitigation: usercopy/swapgs barriers and __user pointer sanitization
[    0.036006] Spectre V2 : Mitigation: Retpolines
[    0.037032] Spectre V2 : Spectre v2 / SpectreRSB mitigation: Filling RSB on context switch
[    0.040003] Spectre V2 : Spectre v2 / SpectreRSB : Filling RSB on VMEXIT
[    0.041499] Speculative Store Bypass: Vulnerable
[    0.042666] MDS: Mitigation: Clear CPU buffers
[    0.044004] MMIO Stale Data: Unknown: No mitigations
[    0.045352] SRBDS: Unknown: Dependent on hypervisor status
[    0.046737] Freeing SMP alternatives memory: 36K
[    0.159002] smpboot: CPU0: Intel(R) Core(TM) i5-5200U CPU @ 2.20GHz (family: 0x6, model: 0x3d, stepping: 0x4)
[    0.160000] Performance Events: unsupported p6 CPU model 61 no PMU driver, software events only.
[    0.160070] Hierarchical SRCU implementation.
[    0.164084] NMI watchdog: Perf event create on CPU 0 failed with -2
[    0.165535] NMI watchdog: Perf NMI watchdog permanently disabled
[    0.167206] smp: Bringing up secondary CPUs ...
[    0.168124] x86: Booting SMP configuration:
[    0.169095] .... node  #0, CPUs:      #1
[    0.004000] kvm-clock: cpu 1, msr 0:3ff44041, secondary cpu clock
[    0.176034] smp: Brought up 1 node, 2 CPUs
[    0.176994] smpboot: Max logical packages: 1
[    0.178062] smpboot: Total of 2 processors activated (8779.67 BogoMIPS)
[    0.180143] devtmpfs: initialized
[    0.180895] x86/mm: Memory block size: 128MB
[    0.182075] evm: security.selinux
[    0.182880] evm: security.SMACK64
[    0.184007] evm: security.SMACK64EXEC
[    0.185449] evm: security.SMACK64TRANSMUTE
[    0.186732] evm: security.SMACK64MMAP
[    0.187575] evm: security.apparmor
[    0.188006] evm: security.ima
[    0.188800] evm: security.capability
[    0.189755] clocksource: jiffies: mask: 0xffffffff max_cycles: 0xffffffff, max_idle_ns: 7645041785100000 ns
[    0.192017] futex hash table entries: 512 (order: 3, 32768 bytes)
[    0.194588] pinctrl core: initialized pinctrl subsystem
[    0.197075] RTC time: 13:30:21, date: 01/15/24
[    0.200009] NET: Registered protocol family 16
[    0.201103] audit: initializing netlink subsys (disabled)
[    0.202331] audit: type=2000 audit(1705325432.069:1): state=initialized audit_enabled=0 res=1
[    0.204028] cpuidle: using governor ladder
[    0.208018] cpuidle: using governor menu
[    0.209060] ACPI: bus type PCI registered
[    0.209977] acpiphp: ACPI Hot Plug PCI Controller Driver version: 0.5
[    0.212106] PCI: Using configuration type 1 for base access
[    0.213390] HugeTLB registered 2.00 MiB page size, pre-allocated 0 pages
[    0.216078] ACPI: Added _OSI(Module Device)
[    0.217087] ACPI: Added _OSI(Processor Device)
[    0.218178] ACPI: Added _OSI(3.0 _SCP Extensions)
[    0.220005] ACPI: Added _OSI(Processor Aggregator Device)
[    0.221223] ACPI: Added _OSI(Linux-Dell-Video)
[    0.222227] ACPI: Added _OSI(Linux-Lenovo-NV-HDMI-Audio)
[    0.223411] ACPI: Added _OSI(Linux-HPI-Hybrid-Graphics)
[    0.224287] ACPI: Executed 1 blocks of module-level executable AML code
[    0.230037] ACPI: Interpreter enabled
[    0.230942] ACPI: (supports S0 S5)
[    0.231805] ACPI: Using IOAPIC for interrupt routing
[    0.232257] PCI: Using host bridge windows from ACPI; if necessary, use "pci=nocrs" and report a bug
[    0.234512] ACPI: Enabled 2 GPEs in block 00 to 07
[    0.243024] ACPI: PCI Root Bridge [PCI0] (domain 0000 [bus 00-ff])
[    0.244009] acpi PNP0A03:00: _OSC: OS supports [ASPM ClockPM Segments MSI]
[    0.246025] acpi PNP0A03:00: _OSC: not requesting OS control; OS requires [ExtendedConfig ASPM ClockPM MSI]
[    0.248014] acpi PNP0A03:00: fail to add MMCONFIG information, can't access extended PCI configuration space under this bridge.
[    0.250986] PCI host bridge to bus 0000:00
[    0.252004] pci_bus 0000:00: root bus resource [io  0x0000-0x0cf7 window]
[    0.253513] pci_bus 0000:00: root bus resource [io  0x0d00-0xffff window]
[    0.256003] pci_bus 0000:00: root bus resource [mem 0x000a0000-0x000bffff window]
[    0.258897] pci_bus 0000:00: root bus resource [mem 0x40000000-0xfdffffff window]
[    0.260012] pci_bus 0000:00: root bus resource [bus 00-ff]
[    0.268545] pci 0000:00:01.1: legacy IDE quirk: reg 0x10: [io  0x01f0-0x01f7]
[    0.270343] pci 0000:00:01.1: legacy IDE quirk: reg 0x14: [io  0x03f6]
[    0.271672] pci 0000:00:01.1: legacy IDE quirk: reg 0x18: [io  0x0170-0x0177]
[    0.272007] pci 0000:00:01.1: legacy IDE quirk: reg 0x1c: [io  0x0376]
[    0.294187] pci 0000:00:07.0: quirk: [io  0x4000-0x403f] claimed by PIIX4 ACPI
[    0.295915] pci 0000:00:07.0: quirk: [io  0x4100-0x410f] claimed by PIIX4 SMB
[    0.305628] ACPI: PCI Interrupt Link [LNKA] (IRQs 5 9 10 *11)
[    0.307363] ACPI: PCI Interrupt Link [LNKB] (IRQs 5 9 *10 11)
[    0.308127] ACPI: PCI Interrupt Link [LNKC] (IRQs 5 *9 10 11)
[    0.309623] ACPI: PCI Interrupt Link [LNKD] (IRQs 5 9 10 *11)
[    0.311265] SCSI subsystem initialized
[    0.312046] pci 0000:00:02.0: vgaarb: setting as boot VGA device
[    0.313384] pci 0000:00:02.0: vgaarb: VGA device added: decodes=io+mem,owns=io+mem,locks=none
[    0.316018] pci 0000:00:02.0: vgaarb: bridge control possible
[    0.317230] vgaarb: loaded
[    0.317881] ACPI: bus type USB registered
[    0.318800] usbcore: registered new interface driver usbfs
[    0.320015] usbcore: registered new interface driver hub
[    0.321065] usbcore: registered new device driver usb
[    0.322168] EDAC MC: Ver: 3.0.0
[    0.322168] PCI: Using ACPI for IRQ routing
[    0.324241] NetLabel: Initializing
[    0.324945] NetLabel:  domain hash size = 128
[    0.325934] NetLabel:  protocols = UNLABELED CIPSOv4 CALIPSO
[    0.327102] NetLabel:  unlabeled traffic allowed by default
[    0.328093] clocksource: Switched to clocksource kvm-clock
[    0.336036] VFS: Disk quotas dquot_6.6.0
[    0.336036] VFS: Dquot-cache hash table entries: 512 (order 0, 4096 bytes)
[    0.336036] AppArmor: AppArmor Filesystem Enabled
[    0.336036] pnp: PnP ACPI init
[    0.336036] pnp: PnP ACPI: found 3 devices
[    0.394140] clocksource: acpi_pm: mask: 0xffffff max_cycles: 0xffffff, max_idle_ns: 2085701024 ns
[    0.396437] NET: Registered protocol family 2
[    0.396437] IP idents hash table entries: 16384 (order: 5, 131072 bytes)
[    0.429294] TCP established hash table entries: 8192 (order: 4, 65536 bytes)
[    0.430987] TCP bind hash table entries: 8192 (order: 5, 131072 bytes)
[    0.432485] TCP: Hash tables configured (established 8192 bind 8192)
[    0.433971] UDP hash table entries: 512 (order: 2, 16384 bytes)
[    0.435301] UDP-Lite hash table entries: 512 (order: 2, 16384 bytes)
[    0.436466] NET: Registered protocol family 1
[    0.436466] pci 0000:00:00.0: Limiting direct PCI/PCI transfers
[    0.436466] pci 0000:00:01.0: Activating ISA DMA hang workarounds
[    0.436466] pci 0000:00:02.0: Video device with shadowed ROM at [mem 0x000c0000-0x000dffff]
[    0.436466] Unpacking initramfs...
[    1.375025] Freeing initrd memory: 19528K
[    1.375955] clocksource: tsc: mask: 0xffffffffffffffff max_cycles: 0x1fa37202099, max_idle_ns: 440795206796 ns
[    1.378122] platform rtc_cmos: registered platform RTC device (no PNP device found)
[    1.379803] Scanning for low memory corruption every 60 seconds
[    1.381945] Initialise system trusted keyrings
[    1.383120] Key type blacklist registered
[    1.384253] workingset: timestamp_bits=36 max_order=18 bucket_order=0
[    1.387319] zbud: loaded
[    1.388668] squashfs: version 4.0 (2009/01/31) Phillip Lougher
[    1.390491] fuse init (API version 7.26)
[    1.394589] Key type asymmetric registered
[    1.395540] Asymmetric key parser 'x509' registered
[    1.396617] Block layer SCSI generic (bsg) driver version 0.4 loaded (major 246)
[    1.398167] io scheduler noop registered
[    1.399073] io scheduler deadline registered
[    1.400011] io scheduler cfq registered (default)
[    1.401672] ACPI: AC Adapter [AC] (off-line)
[    1.403257] input: Power Button as /devices/LNXSYSTM:00/LNXPWRBN:00/input/input0
[    1.405161] ACPI: Power Button [PWRF]
[    1.406792] input: Sleep Button as /devices/LNXSYSTM:00/LNXSLPBN:00/input/input1
[    1.408544] ACPI: Sleep Button [SLPF]
[    1.410451] ACPI: Battery Slot [BAT0] (battery present)
[    1.411827] Serial: 8250/16550 driver, 32 ports, IRQ sharing enabled
[    1.434106] 00:02: ttyS0 at I/O 0x3f8 (irq = 4, base_baud = 115200) is a 16550A
[    1.438842] Linux agpgart interface v0.103
[    1.441697] loop: module loaded
[    1.443068] scsi host0: ata_piix
[    1.443975] scsi host1: ata_piix
[    1.444818] ata1: PATA max UDMA/33 cmd 0x1f0 ctl 0x3f6 bmdma 0xd000 irq 14
[    1.446348] ata2: PATA max UDMA/33 cmd 0x170 ctl 0x376 bmdma 0xd008 irq 15
[    1.447977] tun: Universal TUN/TAP device driver, 1.6
[    1.449170] PPP generic driver version 2.4.2
[    1.450228] ehci_hcd: USB 2.0 'Enhanced' Host Controller (EHCI) Driver
[    1.451734] ehci-pci: EHCI PCI platform driver
[    1.452800] ehci-platform: EHCI generic platform driver
[    1.453996] ohci_hcd: USB 1.1 'Open' Host Controller (OHCI) Driver
[    1.455526] ohci-pci: OHCI PCI platform driver
[    1.456580] ohci-platform: OHCI generic platform driver
[    1.457776] uhci_hcd: USB Universal Host Controller Interface driver
[    1.459249] i8042: PNP: PS/2 Controller [PNP0303:PS2K,PNP0f03:PS2M] at 0x60,0x64 irq 1,12
[    1.460563] serio: i8042 KBD port at 0x60,0x64 irq 1
[    1.460563] serio: i8042 AUX port at 0x60,0x64 irq 12
[    1.464061] mousedev: PS/2 mouse device common for all mice
[    1.465679] rtc_cmos rtc_cmos: rtc core: registered rtc_cmos as rtc0
[    1.467203] input: AT Translated Set 2 keyboard as /devices/platform/i8042/serio0/input/input2
[    1.469187] rtc_cmos rtc_cmos: alarms up to one day, 114 bytes nvram
[    1.470818] i2c /dev entries driver
[    1.471829] device-mapper: uevent: version 1.0.3
[    1.473176] device-mapper: ioctl: 4.37.0-ioctl (2017-09-20) initialised: dm-devel@redhat.com
[    1.475389] ledtrig-cpu: registered to indicate activity on CPUs
[    1.477515] NET: Registered protocol family 10
[    1.482873] Segment Routing with IPv6
[    1.483926] NET: Registered protocol family 17
[    1.485251] Key type dns_resolver registered
[    1.486637] mce: Using 0 MCE banks
[    1.487627] RAS: Correctable Errors collector initialized.
[    1.489063] sched_clock: Marking stable (1489023062, 0)->(1770986257, -281963195)
[    1.491545] registered taskstats version 1
[    1.492706] Loading compiled-in X.509 certificates
[    1.496519] Loaded X.509 cert 'Build time autogenerated kernel key: b5b26778eaa3ab3a4a6cee031137706e947d12ad'
[    1.499472] Loaded X.509 cert 'Canonical Ltd. Live Patch Signing: 14df34d1a87cf37625abec039ef2bf521249b969'
[    1.502594] Loaded X.509 cert 'Canonical Ltd. Kernel Module Signing: 88f752e560a1e0737e31163a466ad7b70a850c19'
[    1.504946] blacklist: Loading compiled-in revocation X.509 certificates
[    1.506439] Loaded X.509 cert 'Canonical Ltd. Secure Boot Signing: 61482aa2830d0ab2ad5af10b7250da9033ddcef0'
[    1.508808] Loaded X.509 cert 'Canonical Ltd. Secure Boot Signing (2017): 242ade75ac4a15e50d50c84b0d45ff3eae707a03'
[    1.511176] Loaded X.509 cert 'Canonical Ltd. Secure Boot Signing (ESM 2018): 365188c1d374d6b07c3c8f240f8ef722433d6a8b'
[    1.513667] Loaded X.509 cert 'Canonical Ltd. Secure Boot Signing (2019): c0746fd6c5da3ae827864651ad66ae47fe24b3e8'
[    1.516169] Loaded X.509 cert 'Canonical Ltd. Secure Boot Signing (2021 v1): a8d54bbb3825cfb94fa13c9f8a594a195c107b8d'
[    1.518900] Loaded X.509 cert 'Canonical Ltd. Secure Boot Signing (2021 v2): 4cf046892d6fd3c9a5b03f98d845f90851dc6a8c'
[    1.521406] Loaded X.509 cert 'Canonical Ltd. Secure Boot Signing (2021 v3): 100437bb6de6e469b581e61cd66bce3ef4ed53af'
[    1.523910] Loaded X.509 cert 'Canonical Ltd. Secure Boot Signing (Ubuntu Core 2019): c1d57b8f6b743f23ee41f4f7ee292f06eecadfb9'
[    1.526753] zswap: loaded using pool lzo/zbud
[    1.531616] Key type big_key registered
[    1.532640] Key type trusted registered
[    1.535364] Key type encrypted registered
[    1.536397] AppArmor: AppArmor sha1 policy hashing enabled
[    1.537682] ima: No TPM chip found, activating TPM-bypass! (rc=-19)
[    1.539185] ima: Allocated hash algorithm: sha1
[    1.540312] evm: HMAC attrs: 0x1
[    1.541876]   Magic number: 8:950:533
[    1.542793] tty ttyS13: hash matches
[    1.543728] rtc_cmos rtc_cmos: setting system clock to 2024-01-15 13:30:23 UTC (1705325423)
[    1.545834] BIOS EDD facility v0.16 2004-Jun-25, 0 devices found
[    1.547194] EDD information not available.
[    1.639558] Freeing unused kernel image memory: 2480K
[    1.656057] Write protecting the kernel read-only data: 20480k
[    1.658580] Freeing unused kernel image memory: 2008K
[    1.660529] Freeing unused kernel image memory: 1820K
[    1.675991] x86/mm: Checked W+X mappings: passed, no W+X pages found.
[    1.677764] x86/mm: Checking user space page tables
[    1.693171] x86/mm: Checked W+X mappings: passed, no W+X pages found.
Loading, please wait...
starting version 237
[    1.843768] Fusion MPT base driver 3.04.20
[    1.845228] Copyright (c) 1999-2008 LSI Corporation
[    1.851363] e1000: Intel(R) PRO/1000 Network Driver - version 7.3.21-k8-NAPI
[    1.853849] e1000: Copyright (c) 1999-2006 Intel Corporation.
[    1.866277] Fusion MPT SPI Host driver 3.04.20
[    1.883004] AVX2 version of gcm_enc/dec engaged.
[    1.887034] AES CTR mode by8 optimization enabled
[    2.055680] input: ImExPS/2 Generic Explorer Mouse as /devices/platform/i8042/serio1/input/input4
[    2.270101] e1000 0000:00:03.0 eth0: (PCI:33MHz:32-bit) 02:3b:7b:b7:3b:2d
[    2.277171] e1000 0000:00:03.0 eth0: Intel(R) PRO/1000 Network Connection
[    2.286138] mptbase: ioc0: Initiating bringup
[    2.286911] e1000 0000:00:03.0 enp0s3: renamed from eth0
[    2.450417] ioc0: LSI53C1030 A0: Capabilities={Initiator}
[    5.431806] scsi host2: ioc0: LSI53C1030 A0, FwRev=00000000h, Ports=1, MaxQ=256, IRQ=20
[    8.177381] scsi 2:0:0:0: Direct-Access     VBOX     HARDDISK         1.0  PQ: 0 ANSI: 5
[    8.208093] scsi target2:0:0: Beginning Domain Validation
[    8.212540] scsi target2:0:0: Domain Validation skipping write tests
[    8.214355] scsi target2:0:0: Ending Domain Validation
[    8.216861] scsi target2:0:0: asynchronous
[    8.219382] scsi 2:0:1:0: Direct-Access     VBOX     HARDDISK         1.0  PQ: 0 ANSI: 5
[    8.256131] scsi target2:0:1: Beginning Domain Validation
[    8.271714] scsi target2:0:1: Domain Validation skipping write tests
[    8.277122] scsi target2:0:1: Ending Domain Validation
[    8.281272] scsi target2:0:1: asynchronous
[    8.293378] sd 2:0:0:0: [sda] 83886080 512-byte logical blocks: (42.9 GB/40.0 GiB)
[    8.296161] sd 2:0:0:0: [sda] Write Protect is off
[    8.297962] sd 2:0:0:0: [sda] Incomplete mode parameter data
[    8.299871] sd 2:0:0:0: [sda] Assuming drive cache: write through
[    8.311275] sd 2:0:0:0: Attached scsi generic sg0 type 0
[    8.313975] sd 2:0:1:0: [sdb] 20480 512-byte logical blocks: (10.5 MB/10.0 MiB)
[    8.315814] sd 2:0:1:0: Attached scsi generic sg1 type 0
[    8.317375] sd 2:0:1:0: [sdb] Write Protect is off
[    8.318869] sd 2:0:1:0: [sdb] Incomplete mode parameter data
[    8.320192] sd 2:0:1:0: [sdb] Assuming drive cache: write through
[    8.344549]  sda: sda1
[    8.345976] sd 2:0:0:0: [sda] Attached SCSI disk
[    8.380152] sd 2:0:1:0: [sdb] Attached SCSI disk
Begin: Loading essential drivers ... [   10.040049] raid6: sse2x1   gen()  5107 MB/s
[   10.088041] raid6: sse2x1   xor()  5736 MB/s
[   10.136044] raid6: sse2x2   gen()  9969 MB/s
[   10.184046] raid6: sse2x2   xor()  6170 MB/s
[   10.232088] raid6: sse2x4   gen() 10746 MB/s
[   10.280053] raid6: sse2x4   xor()  7248 MB/s
[   10.328050] raid6: avx2x1   gen() 15713 MB/s
[   10.376088] raid6: avx2x1   xor() 10537 MB/s
[   10.424042] raid6: avx2x2   gen() 18445 MB/s
[   10.472048] raid6: avx2x2   xor() 11031 MB/s
[   10.520049] raid6: avx2x4   gen() 18604 MB/s
[   10.568052] raid6: avx2x4   xor() 10529 MB/s
[   10.570340] raid6: using algorithm avx2x4 gen() 18604 MB/s
[   10.573192] raid6: .... xor() 10529 MB/s, rmw enabled
[   10.575935] raid6: using avx2x2 recovery algorithm
[   10.589158] xor: automatically using best checksumming function   avx       
[   10.592577] async_tx: api initialized (async)
done.
Begin: Running /scripts/init-premount ... done.
Begin: Mounting root file system ... Begin: Running /scripts/local-top ... done.
Begin: Running /scripts/local-premount ... [   10.675735] Btrfs loaded, crc32c=crc32c-intel
Scanning for Btrfs filesystems
done.
Warning: fsck not present, so skipping root file system
[   10.815135] EXT4-fs (sda1): mounted filesystem with ordered data mode. Opts: (null)
done.
Begin: Running /scripts/local-bottom ... done.
Begin: Running /scripts/init-bottom ... done.
[   12.820125] ip_tables: (C) 2000-2006 Netfilter Core Team
[   13.028375] systemd[1]: systemd 237 running in system mode. (+PAM +AUDIT +SELINUX +IMA +APPARMOR +SMACK +SYSVINIT +UTMP +LIBCRYPTSETUP +GCRYPT +GNUTLS +ACL +XZ +LZ4 +SECCOMP +BLKID +ELFUTILS +KMOD -IDN2 +IDN -PCRE2 default-hierarchy=hybrid)
[   13.033280] systemd[1]: Detected virtualization oracle.
[   13.034514] systemd[1]: Detected architecture x86-64.

Welcome to [1mUbuntu 18.04.6 LTS[0m!

[   13.088140] systemd[1]: Set hostname to <ubuntu-bionic>.
[   16.761573] systemd[1]: Reached target Swap.
[[0;32m  OK  [0m] Reached target Swap.
[   16.763269] systemd[1]: Reached target System Time Synchronized.
[[0;32m  OK  [0m] Reached target System Time Synchronized.
[   16.765110] systemd[1]: Reached target User and Group Name Lookups.
[[0;32m  OK  [0m] Reached target User and Group Name Lookups.
[   16.767026] systemd[1]: Reached target Mounting snaps.
[[0;32m  OK  [0m] Reached target Mounting snaps.
[   16.770324] systemd[1]: Created slice System Slice.
[[0;32m  OK  [0m] Created slice System Slice.
[   16.772291] systemd[1]: Listening on Syslog Socket.
[[0;32m  OK  [0m] Listening on Syslog Socket.
[[0;32m  OK  [0m] Listening on LVM2 metadata daemon socket.
[[0;32m  OK  [0m] Listening on /dev/initctl Compatibility Named Pipe.
[[0;32m  OK  [0m] Created slice system-serial\x2dgetty.slice.
[[0;32m  OK  [0m] Listening on Journal Socket.
         Mounting Kernel Debug File System...
         Starting Load Kernel Modules...
         Mounting POSIX Message Queue File System...
[[0;32m  OK  [0m] Listening on Network Service Netlink Socket.
[[0;32m  OK  [0m] Listening on Journal Audit Socket.
[[0;32m  OK  [0m] Listening on Device-mapper event daemon FIFOs.
         Starting Monitoring of LVM2 mirrorsâ€¦ng dmeventd or progress polling...
         Starting Uncomplicated firewall...
[[0;32m  OK  [0m] Listening on fsck to fsckd communication Socket.
         Starting Create list of required stâ€¦ce nodes for the current kernel...
[[0;32m  OK  [0m] Started Forward Password Requests to Wall Directory Watch.
[[0;32m  OK  [0m] Listening on Journal Socket (/dev/log).
         Starting Journal Service...
         Starting Set the console keyboard layout...
[[0;32m  OK  [0m] Listening on LVM2 poll daemon socket.
[[0;32m  OK  [0m] Listening on udev Kernel Socket.
[[0;32m  OK  [0m] Set up automount Arbitrary Executabâ€¦rmats File System Automount Point.
         Mounting Huge Pages File System...
[[0;32m  OK  [0m] Created slice User and Session Slice.
[[0;32m  OK  [0m] Reached target Slices.
[[0;32m  OK  [0m] Listening on udev Control Socket.
[[0;32m  OK  [0m] Reached target Mounted snaps.
         Starting udev Coldplug all Devices...
         Starting File System Check on Root Device...
[[0;32m  OK  [0m] Mounted Kernel Debug File System.
[[0;32m  OK  [0m] Mounted POSIX Message Queue File System.
[[0;32m  OK  [0m] Started Uncomplicated firewall.
[[0;32m  OK  [0m] Started Create list of required staâ€¦vice nodes for the current kernel.
[[0;32m  OK  [0m] Mounted Huge Pages File System.
         Starting Create Static Device Nodes in /dev...
[[0;32m  OK  [0m] Started udev Coldplug all Devices.
[[0;32m  OK  [0m] Started Journal Service.
[   17.476459] Loading iSCSI transport class v2.0-870.
[[0;32m  OK  [0m] Started File System Check Daemon to report status.
[   17.762433] iscsi: registered transport (tcp)
[[0;32m  OK  [0m] Started Set the console keyboard layout.
[[0;32m  OK  [0m] Started File System Check on Root Device.
         Starting Remount Root and Kernel File Systems...
[[0;32m  OK  [0m] Started LVM2 metadata daemon.
[   18.652972] iscsi: registered transport (iser)
[[0;32m  OK  [0m] Started Load Kernel Modules.
         Mounting Kernel Configuration File System...
         Mounting FUSE Control File System...
         Starting Apply Kernel Variables...
[[0;32m  OK  [0m] Mounted Kernel Configuration File System.
[[0;32m  OK  [0m] Mounted FUSE Control File System.
[[0;32m  OK  [0m] Started Remount Root and Kernel File Systems.
         Starting Load/Save Random Seed...
         Starting Flush Journal to Persistent Storage...
[[0;32m  OK  [0m] Started Create Static Device Nodes in /dev.
[[0;32m  OK  [0m] Started Apply Kernel Variables.
[[0;32m  OK  [0m] Started Load/Save Random Seed.
         Starting udev Kernel Device Manager...
[[0;32m  OK  [0m] Started Monitoring of LVM2 mirrors,â€¦sing dmeventd or progress polling.
[[0;32m  OK  [0m] Reached target Local File Systems (Pre).
[[0;32m  OK  [0m] Reached target Local File Systems.
         Starting Set console font and keymap...
         Starting AppArmor initialization...
         Starting Tell Plymouth To Write Out Runtime Data...
         Starting ebtables ruleset management...
[[0;32m  OK  [0m] Started Set console font and keymap.
[[0;32m  OK  [0m] Started Tell Plymouth To Write Out Runtime Data.
[[0;32m  OK  [0m] Started udev Kernel Device Manager.
[[0;32m  OK  [0m] Started Dispatch Password Requests to Console Directory Watch.
[[0;32m  OK  [0m] Reached target Local Encrypted Volumes.
[[0;32m  OK  [0m] Started Flush Journal to Persistent Storage.
         Starting Create Volatile Files and Directories...
[[0;32m  OK  [0m] Started ebtables ruleset management.
[[0;32m  OK  [0m] Found device /dev/ttyS0.
[[0;32m  OK  [0m] Listening on Load/Save RF Kill Switch Status /dev/rfkill Watch.
[[0;32m  OK  [0m] Started Create Volatile Files and Directories.
         Starting Update UTMP about System Boot/Shutdown...
[[0;32m  OK  [0m] Started Update UTMP about System Boot/Shutdown.
[[0;32m  OK  [0m] Started AppArmor initialization.
         Starting Initial cloud-init job (pre-networking)...
         Starting Load AppArmor profiles managed internally by snapd...
         Mounting Arbitrary Executable File Formats File System...
[[0;32m  OK  [0m] Mounted Arbitrary Executable File Formats File System.
[[0;32m  OK  [0m] Started Load AppArmor profiles managed internally by snapd.
[   40.187598] cloud-init[585]: Cloud-init v. 23.1.2-0ubuntu0~18.04.1 running 'init-local' at Mon, 15 Jan 2024 13:31:00 +0000. Up 38.79 seconds.
[[0;32m  OK  [0m] Started Initial cloud-init job (pre-networking).
[[0;32m  OK  [0m] Reached target Network (Pre).
         Starting Network Service...
[[0;32m  OK  [0m] Started Network Service.
         Starting Wait for Network to be Configured...
         Starting Network Name Resolution...
[[0;32m  OK  [0m] Started Network Name Resolution.
[[0;32m  OK  [0m] Reached target Network.
[[0;32m  OK  [0m] Reached target Host and Network Name Lookups.
[[0;32m  OK  [0m] Started Wait for Network to be Configured.
         Starting Initial cloud-init job (metadata service crawler)...
[   43.272188] cloud-init[707]: Cloud-init v. 23.1.2-0ubuntu0~18.04.1 running 'init' at Mon, 15 Jan 2024 13:31:04 +0000. Up 42.81 seconds.
[   43.283796] cloud-init[707]: ci-info: ++++++++++++++++++++++++++++++++++++++Net device info++++++++++++++++++++++++++++++++++++++
[   43.300429] cloud-init[707]: ci-info: +--------+------+----------------------------+---------------+--------+-------------------+
[   43.313812] cloud-init[707]: ci-info: | Device |  Up  |          Address           |      Mask     | Scope  |     Hw-Address    |
[   43.320427] cloud-init[707]: ci-info: +--------+------+----------------------------+---------------+--------+-------------------+
[   43.323073] cloud-init[707]: ci-info: | enp0s3 | True |         10.0.2.15          | 255.255.255.0 | global | 02:3b:7b:b7:3b:2d |
[   43.326142] cloud-init[707]: ci-info: | enp0s3 | True | fe80::3b:7bff:feb7:3b2d/64 |       .       |  link  | 02:3b:7b:b7:3b:2d |
[   43.328204] cloud-init[707]: ci-info: |   lo   | True |         127.0.0.1          |   255.0.0.0   |  host  |         .         |
[   43.330370] cloud-init[707]: ci-info: |   lo   | True |          ::1/128           |       .       |  host  |         .         |
[   43.333563] cloud-init[707]: ci-info: +--------+------+----------------------------+---------------+--------+-------------------+
[   43.344421] cloud-init[707]: ci-info: ++++++++++++++++++++++++++++Route IPv4 info+++++++++++++++++++++++++++++
[   43.349375] cloud-init[707]: ci-info: +-------+-------------+----------+-----------------+-----------+-------+
[   43.350760] cloud-init[707]: ci-info: | Route | Destination | Gateway  |     Genmask     | Interface | Flags |
[   43.352339] cloud-init[707]: ci-info: +-------+-------------+----------+-----------------+-----------+-------+
[   43.353614] cloud-init[707]: ci-info: |   0   |   0.0.0.0   | 10.0.2.2 |     0.0.0.0     |   enp0s3  |   UG  |
[   43.355583] cloud-init[707]: ci-info: |   1   |   10.0.2.0  | 0.0.0.0  |  255.255.255.0  |   enp0s3  |   U   |
[   43.357564] cloud-init[707]: ci-info: |   2   |   10.0.2.2  | 0.0.0.0  | 255.255.255.255 |   enp0s3  |   UH  |
[   43.368401] cloud-init[707]: ci-info: +-------+-------------+----------+-----------------+-----------+-------+
[   43.373006] cloud-init[707]: ci-info: +++++++++++++++++++Route IPv6 info+++++++++++++++++++
[   43.374938] cloud-init[707]: ci-info: +-------+-------------+---------+-----------+-------+
[   43.376641] cloud-init[707]: ci-info: | Route | Destination | Gateway | Interface | Flags |
[   43.377839] cloud-init[707]: ci-info: +-------+-------------+---------+-----------+-------+
[   43.378892] cloud-init[707]: ci-info: |   1   |  fe80::/64  |    ::   |   enp0s3  |   U   |
[   43.380443] cloud-init[707]: ci-info: |   3   |    local    |    ::   |   enp0s3  |   U   |
[   43.381737] cloud-init[707]: ci-info: |   4   |   ff00::/8  |    ::   |   enp0s3  |   U   |
[   43.382904] cloud-init[707]: ci-info: +-------+-------------+---------+-----------+-------+
[[0;32m  OK  [0m] Started Initial cloud-init job (metadata service crawler).
[[0;32m  OK  [0m] Reached target System Initialization.
[[0;32m  OK  [0m] Listening on ACPID Listen Socket.
[[0;32m  OK  [0m] Started Daily apt download activities.
[[0;32m  OK  [0m] Started Discard unused blocks once a week.
[[0;32m  OK  [0m] Started Daily apt upgrade and clean activities.
[[0;32m  OK  [0m] Listening on cloud-init hotplug hook socket.
[[0;32m  OK  [0m] Listening on Open-iSCSI iscsid Socket.
[[0;32m  OK  [0m] Listening on D-Bus System Message Bus Socket.
[[0;32m  OK  [0m] Started Daily Cleanup of Temporary Directories.
         Starting Socket activation for snappy daemon.
         Starting LXD - unix socket.
[[0;32m  OK  [0m] Started ACPI Events Check.
[[0;32m  OK  [0m] Reached target Paths.
[[0;32m  OK  [0m] Listening on UUID daemon activation socket.
[[0;32m  OK  [0m] Started Message of the Day.
[[0;32m  OK  [0m] Started Ubuntu Advantage Timer for running repeated jobs.
[[0;32m  OK  [0m] Reached target Timers.
[[0;32m  OK  [0m] Reached target Cloud-config availability.
[[0;32m  OK  [0m] Reached target Network is Online.
         Starting Availability of block devices...
[[0;32m  OK  [0m] Reached target Remote File Systems (Pre).
         Mounting /vagrant...
[[0;32m  OK  [0m] Listening on Socket activation for snappy daemon.
[[0;32m  OK  [0m] Listening on LXD - unix socket.
[[0;32m  OK  [0m] Started Availability of block devices.
[[0;32m  OK  [0m] Reached target Sockets.
[[0;32m  OK  [0m] Reached target Basic System.
[[0;32m  OK  [0m] Started irqbalance daemon.
         Starting LXD - container startup/shutdown...
         Starting Virtualbox guest utils...
[[0;32m  OK  [0m] Reached target Login Prompts (Pre).
[[0;32m  OK  [0m] Started Regular background program processing daemon.
         Starting Accounts Service...
         Starting Discard unused blocks...
[[0;32m  OK  [0m] Started Deferred execution scheduler.
         Starting Dispatcher daemon for systemd-networkd...
         Starting Login Service...
         Starting Snap Daemon...
         Starting LSB: Record successful boot for GRUB...
[[0;32m  OK  [0m] Started FUSE filesystem for LXC.
         Starting Message of the Day...
[[0;32m  OK  [0m] Started D-Bus System Message Bus.
         Starting OpenBSD Secure Shell server...
         Starting System Logging Service...
[[0;32m  OK  [0m] Mounted /vagrant.
[[0;32m  OK  [0m] Started Discard unused blocks.
[[0;32m  OK  [0m] Started Login Service.
         Starting Authorization Manager...
[[0;32m  OK  [0m] Started Unattended Upgrades Shutdown.
[[0;32m  OK  [0m] Reached target Remote File Systems.
         Starting LSB: automatic crash report generation...
         Starting Permit User Sessions...
[[0;32m  OK  [0m] Started Permit User Sessions.
         Starting Hold until boot process finishes up...
         Starting Terminate Plymouth Boot Screen...
[[0;32m  OK  [0m] Started Hold until boot process finishes up.
[[0;32m  OK  [0m] Started Serial Getty on ttyS0.
         Starting Set console scheme...
[[0;32m  OK  [0m] Started Terminate Plymouth Boot Screen.
[[0;32m  OK  [0m] Started Dispatcher daemon for systemd-networkd.
[[0;32m  OK  [0m] Started Set console scheme.
[[0;32m  OK  [0m] Created slice system-getty.slice.
[[0;32m  OK  [0m] Started Getty on tty1.
[[0;32m  OK  [0m] Reached target Login Prompts.
[[0;32m  OK  [0m] Started LSB: automatic crash report generation.
[[0;32m  OK  [0m] Started LSB: Record successful boot for GRUB.
[[0;32m  OK  [0m] Started Authorization Manager.
[[0;32m  OK  [0m] Started Accounts Service.
[[0;32m  OK  [0m] Started System Logging Service.
[[0;32m  OK  [0m] Started Virtualbox guest utils.
[[0;32m  OK  [0m] Started OpenBSD Secure Shell server.

Ubuntu 18.04.6 LTS ubuntu-bionic ttyS0

ubuntu-bionic login: [   63.277093] cloud-init[1405]: Cloud-init v. 23.1.2-0ubuntu0~18.04.1 running 'modules:config' at Mon, 15 Jan 2024 13:31:24 +0000. Up 62.77 seconds.
[   64.731767] cloud-init[1483]: Cloud-init v. 23.1.2-0ubuntu0~18.04.1 running 'modules:final' at Mon, 15 Jan 2024 13:31:25 +0000. Up 64.01 seconds.
[   64.731978] cloud-init[1483]: Cloud-init v. 23.1.2-0ubuntu0~18.04.1 finished at Mon, 15 Jan 2024 13:31:26 +0000. Datasource DataSourceNoCloud [seed=/dev/sdb][dsmode=net].  Up 64.70 seconds
[14984.199491] e1000 0000:00:03.0 enp0s3: Detected Tx Unit Hang
[14984.199491]   Tx Queue             <0>
[14984.199491]   TDH                  <2e>
[14984.199491]   TDT                  <2f>
[14984.199491]   next_to_use          <2f>
[14984.199491]   next_to_clean        <2e>
[14984.199491] buffer_info[next_to_clean]
[14984.199491]   time_stamp           <1003806d8>
[14984.199491]   next_to_watch        <2e>
[14984.199491]   jiffies              <100380828>
[14984.199491]   next_to_watch.status <0>
